PS C:\code\Test site> git clone https://github.com/svavarkonn/MkDocs.git
Cloning into 'MkDocs'...
remote: Enumerating objects: 3, done.
remote: Counting objects: 100% (3/3), done.
remote: Compressing objects: 100% (2/2), done.
remote: Total 3 (delta 0), reused 0 (delta 0), pack-reused 0
Receiving objects: 100% (3/3), done.
PS C:\code\Test site> 




PS C:\code\Test site\MkDocs> git add mkDocs
fatal: pathspec 'mkDocs' did not match any files
PS C:\code\Test site\MkDocs> git add docs  
warning: in the working copy of 'docs/images/SK_logo.svg', LF will be replaced by CRLF the next time Git touches it
warning: in the working copy of 'docs/images/page_source.svg', LF will be replaced by CRLF the next time Git touches it
PS C:\code\Test site\MkDocs> git add site
warning: in the working copy of 'site/404.html', LF will be replaced 
by CRLF the next time Git touches it
warning: in the working copy of 'site/assets/javascripts/bundle.d6c3db9e.min.js', LF will be replaced by CRLF the next time Git touches itwarning: in the working copy of 'site/assets/javascripts/bundle.d6c3db9e.min.js.map', LF will be replaced by CRLF the next time Git touches it
warning: in the working copy of 'site/assets/javascripts/lunr/min/lunr.da.min.js', LF will be replaced by CRLF the next time Git touches it
warning: in the working copy of 'site/assets/javascripts/lunr/min/lunr.de.min.js', LF will be replaced by CRLF the next time Git touches it
warning: in the working copy of 'site/assets/javascripts/lunr/min/lunr.du.min.js', LF will be replaced by CRLF the next time Git touches it
warning: in the working copy of 'site/assets/javascripts/lunr/min/lunr.es.min.js', LF will be replaced by CRLF the next time Git touches it
warning: in the working copy of 'site/assets/javascripts/lunr/min/lunr.fi.min.js', LF will be replaced by CRLF the next time Git touches it
warning: in the working copy of 'site/assets/javascripts/lunr/min/lunr.fr.min.js', LF will be replaced by CRLF the next time Git touches it
warning: in the working copy of 'site/assets/javascripts/lunr/min/lunr.hu.min.js', LF will be replaced by CRLF the next time Git touches it
warning: in the working copy of 'site/assets/javascripts/lunr/min/lunr.it.min.js', LF will be replaced by CRLF the next time Git touches it
warning: in the working copy of 'site/assets/javascripts/lunr/min/lunr.nl.min.js', LF will be replaced by CRLF the next time Git touches it
warning: in the working copy of 'site/assets/javascripts/lunr/min/lunr.no.min.js', LF will be replaced by CRLF the next time Git touches it
warning: in the working copy of 'site/assets/javascripts/lunr/min/lunr.pt.min.js', LF will be replaced by CRLF the next time Git touches it
warning: in the working copy of 'site/assets/javascripts/lunr/min/lunr.ro.min.js', LF will be replaced by CRLF the next time Git touches it
warning: in the working copy of 'site/assets/javascripts/lunr/min/lunr.ru.min.js', LF will be replaced by CRLF the next time Git touches it
warning: in the working copy of 'site/assets/javascripts/lunr/min/lunr.sv.min.js', LF will be replaced by CRLF the next time Git touches it
warning: in the working copy of 'site/assets/javascripts/lunr/min/lunr.tr.min.js', LF will be replaced by CRLF the next time Git touches it
warning: in the working copy of 'site/assets/javascripts/lunr/tinysegwarning: in the working copy of 'site/assets/javascripts/workers/search.16e2a7d4.min.js', LF will be replaced by CRLF the next time Git touches it
warning: in the working copy of 'site/assets/javascripts/workers/search.16e2a7d4.min.js.map', LF will be replaced by CRLF the next time Git touches it
warning: in the working copy of 'site/code.html', LF will be replaced by CRLF the next time Git touches it
warning: in the working copy of 'site/index.html', LF will be replaced by CRLF the next time Git touches it
warning: in the working copy of 'site/setup.html', LF will be replaced by CRLF the next time Git touches it
warning: in the working copy of 'site/sitemap.xml', LF will be replaced by CRLF the next time Git touches it
PS C:\code\Test site\MkDocs> git add mkdocs.yml
PS C:\code\Test site\MkDocs> git commit -m "Copied files into git folder"
[main 1bba716] Copied files into git folder
 Committer: Svavar Konráðsson - MI <svavark@fvi.is>
Your name and email address were configured automatically based      
on your username and hostname. Please check that they are accurate.  
You can suppress this message by setting them explicitly:

    git config --global user.name "Your Name"
    git config --global user.email you@example.com

After doing this, you may fix the identity used for this commit with:
    git commit --amend --reset-author

 61 files changed, 10495 insertions(+)
 create mode 100644 docs/code.md
 create mode 100644 docs/images/SK_logo.svg
 create mode 100644 docs/images/material.png
 create mode 100644 docs/images/new.png
 create mode 100644 docs/images/page_source.svg
 create mode 100644 docs/images/schemas.png
 create mode 100644 docs/images/setup.png
 create mode 100644 docs/images/setup_error.png
 create mode 100644 docs/index.md
 create mode 100644 docs/setup.md
 create mode 100644 docs/setup.txt
 create mode 100644 mkdocs.yml
 create mode 100644 site/404.html
 create mode 100644 site/assets/images/favicon.png
 create mode 100644 site/assets/javascripts/bundle.d6c3db9e.min.js   
 create mode 100644 site/assets/javascripts/bundle.d6c3db9e.min.js.map
 create mode 100644 site/assets/javascripts/lunr/min/lunr.ar.min.js  
 create mode 100644 site/assets/javascripts/lunr/min/lunr.da.min.js  
 create mode 100644 site/assets/javascripts/lunr/min/lunr.de.min.js  
 create mode 100644 site/assets/javascripts/lunr/min/lunr.du.min.js  
 create mode 100644 site/assets/javascripts/lunr/min/lunr.es.min.js  
 create mode 100644 site/assets/javascripts/lunr/min/lunr.fi.min.js  
 create mode 100644 site/assets/javascripts/lunr/min/lunr.fr.min.js  
 create mode 100644 site/assets/javascripts/lunr/min/lunr.hi.min.js  
 create mode 100644 site/assets/javascripts/lunr/min/lunr.hu.min.js  
 create mode 100644 site/assets/javascripts/lunr/min/lunr.it.min.js  
 create mode 100644 site/assets/javascripts/lunr/min/lunr.ja.min.js  
 create mode 100644 site/assets/javascripts/lunr/min/lunr.jp.min.js  
 create mode 100644 site/assets/javascripts/lunr/min/lunr.ko.min.js  
 create mode 100644 site/assets/javascripts/lunr/min/lunr.multi.min.js
 create mode 100644 site/assets/javascripts/lunr/min/lunr.nl.min.js  
 create mode 100644 site/assets/javascripts/lunr/min/lunr.no.min.js  
 create mode 100644 site/assets/javascripts/lunr/min/lunr.pt.min.js  
 create mode 100644 site/assets/javascripts/lunr/min/lunr.ro.min.js  
 create mode 100644 site/assets/javascripts/lunr/min/lunr.ru.min.js  
 create mode 100644 site/assets/javascripts/lunr/min/lunr.stemmer.support.min.js
 create mode 100644 site/assets/javascripts/lunr/min/lunr.sv.min.js  
 create mode 100644 site/assets/javascripts/lunr/min/lunr.ta.min.js  
 create mode 100644 site/assets/javascripts/lunr/min/lunr.th.min.js  
 create mode 100644 site/assets/javascripts/lunr/min/lunr.tr.min.js  
 create mode 100644 site/assets/javascripts/lunr/min/lunr.vi.min.js  
 create mode 100644 site/assets/javascripts/lunr/min/lunr.zh.min.js  
 create mode 100644 site/assets/javascripts/lunr/tinyseg.js
 create mode 100644 site/assets/javascripts/lunr/wordcut.js
 create mode 100644 site/assets/javascripts/workers/search.16e2a7d4.min.js
 create mode 100644 site/assets/javascripts/workers/search.16e2a7d4.m create mode 100644 site/assets/stylesheets/main.472b142f.min.css    
 create mode 100644 site/assets/stylesheets/main.472b142f.min.css.map create mode 100644 site/assets/stylesheets/palette.08040f6c.min.css 
map
 create mode 100644 site/code.html
 create mode 100644 site/images/material.png
 create mode 100644 site/images/new.png
 create mode 100644 site/images/schemas.png
 create mode 100644 site/images/setup_error.png
 create mode 100644 site/index.html
 create mode 100644 site/search/search_index.json
 create mode 100644 site/setup.html
 create mode 100644 site/sitemap.xml
 create mode 100644 site/sitemap.xml.gz
PS C:\code\Test site\MkDocs> git push origin master
error: src refspec master does not match any
error: failed to push some refs to 'https://github.com/svavarkonn/MkDocs.git'
PS C:\code\Test site\MkDocs> git commit -m "First commit"
On branch main
Your branch is ahead of 'origin/main' by 1 commit.
  (use "git push" to publish your local commits)

nothing to commit, working tree clean
PS C:\code\Test site\MkDocs> git push
info: please complete authentication in your browser...
Enumerating objects: 71, done.
Counting objects: 100% (71/71), done.
Delta compression using up to 16 threads
Compressing objects: 100% (67/67), done.
Writing objects: 100% (70/70), 820.70 KiB | 8.82 MiB/s, done.
Total 70 (delta 4), reused 0 (delta 0), pack-reused 0
remote: Resolving deltas: 100% (4/4), done.
To https://github.com/svavarkonn/MkDocs.git
   0f11248..1bba716  main -> main
PS C:\code\Test site\MkDocs> 